serdiv_unit_divide_s1,serdiv_unit_divide_s2
serdiv_unit_divide_s1,id_stage_s1
serdiv_unit_divide_s1,issue_s1
serdiv_unit_divide_s1,issue_s2
serdiv_unit_divide_s1,issue_s8
serdiv_unit_divide_s1,issue_s16
serdiv_unit_divide_s1,issue_s32
serdiv_unit_divide_s1,scb_0_s12
serdiv_unit_divide_s1,scb_0_s13
serdiv_unit_divide_s1,scb_0_s14
serdiv_unit_divide_s1,scb_0_s8
serdiv_unit_divide_s1,scb_1_s12
serdiv_unit_divide_s1,scb_1_s13
serdiv_unit_divide_s1,scb_1_s14
serdiv_unit_divide_s1,scb_1_s8
serdiv_unit_divide_s1,scb_2_s12
serdiv_unit_divide_s1,scb_2_s13
serdiv_unit_divide_s1,scb_2_s14
serdiv_unit_divide_s1,scb_2_s8
serdiv_unit_divide_s1,scb_3_s12
serdiv_unit_divide_s1,scb_3_s13
serdiv_unit_divide_s1,scb_3_s14
serdiv_unit_divide_s1,scb_3_s8
serdiv_unit_divide_s1,load_unit_s1
serdiv_unit_divide_s1,load_unit_op_s1
serdiv_unit_divide_s1,load_unit_op_s2
serdiv_unit_divide_s1,load_unit_op_s3
serdiv_unit_divide_s1,mem_req_s1
serdiv_unit_divide_s2,serdiv_unit_divide_s1
serdiv_unit_divide_s2,id_stage_s1
serdiv_unit_divide_s2,issue_s1
serdiv_unit_divide_s2,issue_s2
serdiv_unit_divide_s2,issue_s8
serdiv_unit_divide_s2,issue_s16
serdiv_unit_divide_s2,issue_s32
serdiv_unit_divide_s2,scb_0_s12
serdiv_unit_divide_s2,scb_0_s13
serdiv_unit_divide_s2,scb_0_s14
serdiv_unit_divide_s2,scb_0_s8
serdiv_unit_divide_s2,scb_1_s12
serdiv_unit_divide_s2,scb_1_s13
serdiv_unit_divide_s2,scb_1_s14
serdiv_unit_divide_s2,scb_1_s8
serdiv_unit_divide_s2,scb_2_s12
serdiv_unit_divide_s2,scb_2_s13
serdiv_unit_divide_s2,scb_2_s14
serdiv_unit_divide_s2,scb_2_s8
serdiv_unit_divide_s2,scb_3_s12
serdiv_unit_divide_s2,scb_3_s13
serdiv_unit_divide_s2,scb_3_s14
serdiv_unit_divide_s2,scb_3_s8
serdiv_unit_divide_s2,load_unit_s1
serdiv_unit_divide_s2,load_unit_op_s1
serdiv_unit_divide_s2,load_unit_op_s2
serdiv_unit_divide_s2,load_unit_op_s3
serdiv_unit_divide_s2,mem_req_s1
id_stage_s1,issue_s1
id_stage_s1,issue_s2
id_stage_s1,issue_s8
id_stage_s1,issue_s16
id_stage_s1,issue_s32
id_stage_s1,scb_0_s12
id_stage_s1,scb_0_s13
id_stage_s1,scb_0_s14
id_stage_s1,scb_0_s8
id_stage_s1,scb_1_s12
id_stage_s1,scb_1_s13
id_stage_s1,scb_1_s14
id_stage_s1,scb_1_s8
id_stage_s1,scb_2_s12
id_stage_s1,scb_2_s13
id_stage_s1,scb_2_s14
id_stage_s1,scb_2_s8
id_stage_s1,scb_3_s12
id_stage_s1,scb_3_s13
id_stage_s1,scb_3_s14
id_stage_s1,scb_3_s8
id_stage_s1,load_unit_s1
id_stage_s1,load_unit_op_s1
id_stage_s1,load_unit_op_s2
id_stage_s1,load_unit_op_s3
id_stage_s1,mem_req_s1
issue_s1,serdiv_unit_divide_s1
issue_s1,serdiv_unit_divide_s2
issue_s1,id_stage_s1
issue_s1,issue_s2
issue_s1,issue_s8
issue_s1,issue_s16
issue_s1,issue_s32
issue_s1,lsq_enq_0_s1
issue_s1,lsq_enq_1_s1
issue_s1,scb_0_s12
issue_s1,scb_0_s13
issue_s1,scb_0_s14
issue_s1,scb_0_s8
issue_s1,scb_1_s12
issue_s1,scb_1_s13
issue_s1,scb_1_s14
issue_s1,scb_1_s8
issue_s1,scb_2_s12
issue_s1,scb_2_s13
issue_s1,scb_2_s14
issue_s1,scb_2_s8
issue_s1,scb_3_s12
issue_s1,scb_3_s13
issue_s1,scb_3_s14
issue_s1,scb_3_s8
issue_s1,stb_com_0_s1
issue_s1,stb_com_1_s1
issue_s1,load_unit_s1
issue_s1,store_unit_s1
issue_s1,store_unit_s3
issue_s1,load_unit_buff_s1
issue_s1,csr_buffer_s1
issue_s1,mult_s1
issue_s1,load_unit_op_s1
issue_s1,load_unit_op_s2
issue_s1,load_unit_op_s3
issue_s1,mem_req_s1
issue_s2,serdiv_unit_divide_s1
issue_s2,serdiv_unit_divide_s2
issue_s2,id_stage_s1
issue_s2,issue_s1
issue_s2,issue_s8
issue_s2,issue_s16
issue_s2,issue_s32
issue_s2,lsq_enq_0_s1
issue_s2,lsq_enq_1_s1
issue_s2,scb_0_s12
issue_s2,scb_0_s13
issue_s2,scb_0_s14
issue_s2,scb_0_s8
issue_s2,scb_1_s12
issue_s2,scb_1_s13
issue_s2,scb_1_s14
issue_s2,scb_1_s8
issue_s2,scb_2_s12
issue_s2,scb_2_s13
issue_s2,scb_2_s14
issue_s2,scb_2_s8
issue_s2,scb_3_s12
issue_s2,scb_3_s13
issue_s2,scb_3_s14
issue_s2,scb_3_s8
issue_s2,stb_com_0_s1
issue_s2,stb_com_1_s1
issue_s2,load_unit_s1
issue_s2,store_unit_s1
issue_s2,store_unit_s3
issue_s2,load_unit_buff_s1
issue_s2,csr_buffer_s1
issue_s2,mult_s1
issue_s2,load_unit_op_s1
issue_s2,load_unit_op_s2
issue_s2,load_unit_op_s3
issue_s2,mem_req_s1
issue_s8,serdiv_unit_divide_s1
issue_s8,serdiv_unit_divide_s2
issue_s8,id_stage_s1
issue_s8,issue_s1
issue_s8,issue_s2
issue_s8,issue_s16
issue_s8,issue_s32
issue_s8,lsq_enq_0_s1
issue_s8,lsq_enq_1_s1
issue_s8,scb_0_s12
issue_s8,scb_0_s13
issue_s8,scb_0_s14
issue_s8,scb_0_s8
issue_s8,scb_1_s12
issue_s8,scb_1_s13
issue_s8,scb_1_s14
issue_s8,scb_1_s8
issue_s8,scb_2_s12
issue_s8,scb_2_s13
issue_s8,scb_2_s14
issue_s8,scb_2_s8
issue_s8,scb_3_s12
issue_s8,scb_3_s13
issue_s8,scb_3_s14
issue_s8,scb_3_s8
issue_s8,stb_com_0_s1
issue_s8,stb_com_1_s1
issue_s8,load_unit_s1
issue_s8,store_unit_s1
issue_s8,store_unit_s3
issue_s8,load_unit_buff_s1
issue_s8,csr_buffer_s1
issue_s8,mult_s1
issue_s8,load_unit_op_s1
issue_s8,load_unit_op_s2
issue_s8,load_unit_op_s3
issue_s8,mem_req_s1
issue_s16,serdiv_unit_divide_s1
issue_s16,serdiv_unit_divide_s2
issue_s16,id_stage_s1
issue_s16,issue_s1
issue_s16,issue_s2
issue_s16,issue_s8
issue_s16,issue_s32
issue_s16,lsq_enq_0_s1
issue_s16,lsq_enq_1_s1
issue_s16,scb_0_s12
issue_s16,scb_0_s13
issue_s16,scb_0_s14
issue_s16,scb_0_s8
issue_s16,scb_1_s12
issue_s16,scb_1_s13
issue_s16,scb_1_s14
issue_s16,scb_1_s8
issue_s16,scb_2_s12
issue_s16,scb_2_s13
issue_s16,scb_2_s14
issue_s16,scb_2_s8
issue_s16,scb_3_s12
issue_s16,scb_3_s13
issue_s16,scb_3_s14
issue_s16,scb_3_s8
issue_s16,stb_com_0_s1
issue_s16,stb_com_1_s1
issue_s16,load_unit_s1
issue_s16,store_unit_s1
issue_s16,store_unit_s3
issue_s16,load_unit_buff_s1
issue_s16,csr_buffer_s1
issue_s16,mult_s1
issue_s16,load_unit_op_s1
issue_s16,load_unit_op_s2
issue_s16,load_unit_op_s3
issue_s16,mem_req_s1
issue_s32,serdiv_unit_divide_s1
issue_s32,serdiv_unit_divide_s2
issue_s32,id_stage_s1
issue_s32,issue_s1
issue_s32,issue_s2
issue_s32,issue_s8
issue_s32,issue_s16
issue_s32,lsq_enq_0_s1
issue_s32,lsq_enq_1_s1
issue_s32,scb_0_s12
issue_s32,scb_0_s13
issue_s32,scb_0_s14
issue_s32,scb_0_s8
issue_s32,scb_1_s12
issue_s32,scb_1_s13
issue_s32,scb_1_s14
issue_s32,scb_1_s8
issue_s32,scb_2_s12
issue_s32,scb_2_s13
issue_s32,scb_2_s14
issue_s32,scb_2_s8
issue_s32,scb_3_s12
issue_s32,scb_3_s13
issue_s32,scb_3_s14
issue_s32,scb_3_s8
issue_s32,stb_com_0_s1
issue_s32,stb_com_1_s1
issue_s32,load_unit_s1
issue_s32,store_unit_s1
issue_s32,store_unit_s3
issue_s32,load_unit_buff_s1
issue_s32,csr_buffer_s1
issue_s32,mult_s1
issue_s32,load_unit_op_s1
issue_s32,load_unit_op_s2
issue_s32,load_unit_op_s3
issue_s32,mem_req_s1
lsq_enq_0_s1,lsq_enq_1_s1
lsq_enq_0_s1,scb_0_s12
lsq_enq_0_s1,scb_0_s13
lsq_enq_0_s1,scb_0_s14
lsq_enq_0_s1,scb_0_s8
lsq_enq_0_s1,scb_1_s12
lsq_enq_0_s1,scb_1_s13
lsq_enq_0_s1,scb_1_s14
lsq_enq_0_s1,scb_1_s8
lsq_enq_0_s1,scb_2_s12
lsq_enq_0_s1,scb_2_s13
lsq_enq_0_s1,scb_2_s14
lsq_enq_0_s1,scb_2_s8
lsq_enq_0_s1,scb_3_s12
lsq_enq_0_s1,scb_3_s13
lsq_enq_0_s1,scb_3_s14
lsq_enq_0_s1,scb_3_s8
lsq_enq_0_s1,stb_com_0_s1
lsq_enq_0_s1,stb_com_1_s1
lsq_enq_0_s1,load_unit_s1
lsq_enq_0_s1,store_unit_s1
lsq_enq_0_s1,store_unit_s3
lsq_enq_0_s1,load_unit_buff_s1
lsq_enq_0_s1,load_unit_op_s1
lsq_enq_0_s1,load_unit_op_s2
lsq_enq_0_s1,load_unit_op_s3
lsq_enq_1_s1,lsq_enq_0_s1
lsq_enq_1_s1,scb_0_s12
lsq_enq_1_s1,scb_0_s13
lsq_enq_1_s1,scb_0_s14
lsq_enq_1_s1,scb_0_s8
lsq_enq_1_s1,scb_1_s12
lsq_enq_1_s1,scb_1_s13
lsq_enq_1_s1,scb_1_s14
lsq_enq_1_s1,scb_1_s8
lsq_enq_1_s1,scb_2_s12
lsq_enq_1_s1,scb_2_s13
lsq_enq_1_s1,scb_2_s14
lsq_enq_1_s1,scb_2_s8
lsq_enq_1_s1,scb_3_s12
lsq_enq_1_s1,scb_3_s13
lsq_enq_1_s1,scb_3_s14
lsq_enq_1_s1,scb_3_s8
lsq_enq_1_s1,stb_com_0_s1
lsq_enq_1_s1,stb_com_1_s1
lsq_enq_1_s1,load_unit_s1
lsq_enq_1_s1,store_unit_s1
lsq_enq_1_s1,store_unit_s3
lsq_enq_1_s1,load_unit_buff_s1
lsq_enq_1_s1,load_unit_op_s1
lsq_enq_1_s1,load_unit_op_s2
lsq_enq_1_s1,load_unit_op_s3
scb_0_s12,serdiv_unit_divide_s1
scb_0_s12,serdiv_unit_divide_s2
scb_0_s12,id_stage_s1
scb_0_s12,issue_s1
scb_0_s12,issue_s2
scb_0_s12,issue_s8
scb_0_s12,issue_s16
scb_0_s12,issue_s32
scb_0_s12,lsq_enq_0_s1
scb_0_s12,lsq_enq_1_s1
scb_0_s12,scb_0_s13
scb_0_s12,scb_0_s14
scb_0_s12,scb_0_s8
scb_0_s12,scb_1_s12
scb_0_s12,scb_1_s13
scb_0_s12,scb_1_s14
scb_0_s12,scb_1_s8
scb_0_s12,scb_2_s12
scb_0_s12,scb_2_s13
scb_0_s12,scb_2_s14
scb_0_s12,scb_2_s8
scb_0_s12,scb_3_s12
scb_0_s12,scb_3_s13
scb_0_s12,scb_3_s14
scb_0_s12,scb_3_s8
scb_0_s12,stb_com_0_s1
scb_0_s12,stb_com_1_s1
scb_0_s12,stb_spec_0_s1
scb_0_s12,stb_spec_1_s1
scb_0_s12,load_unit_s1
scb_0_s12,store_unit_s1
scb_0_s12,store_unit_s3
scb_0_s12,csr_buffer_s1
scb_0_s12,mult_s1
scb_0_s12,load_unit_op_s1
scb_0_s12,load_unit_op_s2
scb_0_s12,load_unit_op_s3
scb_0_s12,mem_req_s1
scb_0_s13,serdiv_unit_divide_s1
scb_0_s13,serdiv_unit_divide_s2
scb_0_s13,id_stage_s1
scb_0_s13,issue_s1
scb_0_s13,issue_s2
scb_0_s13,issue_s8
scb_0_s13,issue_s16
scb_0_s13,issue_s32
scb_0_s13,lsq_enq_0_s1
scb_0_s13,lsq_enq_1_s1
scb_0_s13,scb_0_s12
scb_0_s13,scb_0_s14
scb_0_s13,scb_0_s8
scb_0_s13,scb_1_s12
scb_0_s13,scb_1_s13
scb_0_s13,scb_1_s14
scb_0_s13,scb_1_s8
scb_0_s13,scb_2_s12
scb_0_s13,scb_2_s13
scb_0_s13,scb_2_s14
scb_0_s13,scb_2_s8
scb_0_s13,scb_3_s12
scb_0_s13,scb_3_s13
scb_0_s13,scb_3_s14
scb_0_s13,scb_3_s8
scb_0_s13,stb_com_0_s1
scb_0_s13,stb_com_1_s1
scb_0_s13,stb_spec_0_s1
scb_0_s13,stb_spec_1_s1
scb_0_s13,load_unit_s1
scb_0_s13,store_unit_s1
scb_0_s13,store_unit_s3
scb_0_s13,csr_buffer_s1
scb_0_s13,mult_s1
scb_0_s13,load_unit_op_s1
scb_0_s13,load_unit_op_s2
scb_0_s13,load_unit_op_s3
scb_0_s13,mem_req_s1
scb_0_s14,serdiv_unit_divide_s1
scb_0_s14,serdiv_unit_divide_s2
scb_0_s14,id_stage_s1
scb_0_s14,issue_s1
scb_0_s14,issue_s2
scb_0_s14,issue_s8
scb_0_s14,issue_s16
scb_0_s14,issue_s32
scb_0_s14,lsq_enq_0_s1
scb_0_s14,lsq_enq_1_s1
scb_0_s14,scb_0_s12
scb_0_s14,scb_0_s13
scb_0_s14,scb_0_s8
scb_0_s14,scb_1_s12
scb_0_s14,scb_1_s13
scb_0_s14,scb_1_s14
scb_0_s14,scb_1_s8
scb_0_s14,scb_2_s12
scb_0_s14,scb_2_s13
scb_0_s14,scb_2_s14
scb_0_s14,scb_2_s8
scb_0_s14,scb_3_s12
scb_0_s14,scb_3_s13
scb_0_s14,scb_3_s14
scb_0_s14,scb_3_s8
scb_0_s14,stb_com_0_s1
scb_0_s14,stb_com_1_s1
scb_0_s14,stb_spec_0_s1
scb_0_s14,stb_spec_1_s1
scb_0_s14,load_unit_s1
scb_0_s14,store_unit_s1
scb_0_s14,store_unit_s3
scb_0_s14,csr_buffer_s1
scb_0_s14,mult_s1
scb_0_s14,load_unit_op_s1
scb_0_s14,load_unit_op_s2
scb_0_s14,load_unit_op_s3
scb_0_s14,mem_req_s1
scb_0_s8,serdiv_unit_divide_s1
scb_0_s8,serdiv_unit_divide_s2
scb_0_s8,id_stage_s1
scb_0_s8,issue_s1
scb_0_s8,issue_s2
scb_0_s8,issue_s8
scb_0_s8,issue_s16
scb_0_s8,issue_s32
scb_0_s8,lsq_enq_0_s1
scb_0_s8,lsq_enq_1_s1
scb_0_s8,scb_0_s12
scb_0_s8,scb_0_s13
scb_0_s8,scb_0_s14
scb_0_s8,scb_1_s12
scb_0_s8,scb_1_s13
scb_0_s8,scb_1_s14
scb_0_s8,scb_1_s8
scb_0_s8,scb_2_s12
scb_0_s8,scb_2_s13
scb_0_s8,scb_2_s14
scb_0_s8,scb_2_s8
scb_0_s8,scb_3_s12
scb_0_s8,scb_3_s13
scb_0_s8,scb_3_s14
scb_0_s8,scb_3_s8
scb_0_s8,stb_com_0_s1
scb_0_s8,stb_com_1_s1
scb_0_s8,stb_spec_0_s1
scb_0_s8,stb_spec_1_s1
scb_0_s8,load_unit_s1
scb_0_s8,store_unit_s1
scb_0_s8,store_unit_s3
scb_0_s8,csr_buffer_s1
scb_0_s8,mult_s1
scb_0_s8,load_unit_op_s1
scb_0_s8,load_unit_op_s2
scb_0_s8,load_unit_op_s3
scb_0_s8,mem_req_s1
scb_1_s12,serdiv_unit_divide_s1
scb_1_s12,serdiv_unit_divide_s2
scb_1_s12,id_stage_s1
scb_1_s12,issue_s1
scb_1_s12,issue_s2
scb_1_s12,issue_s8
scb_1_s12,issue_s16
scb_1_s12,issue_s32
scb_1_s12,lsq_enq_0_s1
scb_1_s12,lsq_enq_1_s1
scb_1_s12,scb_0_s12
scb_1_s12,scb_0_s13
scb_1_s12,scb_0_s14
scb_1_s12,scb_0_s8
scb_1_s12,scb_1_s13
scb_1_s12,scb_1_s14
scb_1_s12,scb_1_s8
scb_1_s12,scb_2_s12
scb_1_s12,scb_2_s13
scb_1_s12,scb_2_s14
scb_1_s12,scb_2_s8
scb_1_s12,scb_3_s12
scb_1_s12,scb_3_s13
scb_1_s12,scb_3_s14
scb_1_s12,scb_3_s8
scb_1_s12,stb_com_0_s1
scb_1_s12,stb_com_1_s1
scb_1_s12,stb_spec_0_s1
scb_1_s12,stb_spec_1_s1
scb_1_s12,load_unit_s1
scb_1_s12,store_unit_s1
scb_1_s12,store_unit_s3
scb_1_s12,csr_buffer_s1
scb_1_s12,mult_s1
scb_1_s12,load_unit_op_s1
scb_1_s12,load_unit_op_s2
scb_1_s12,load_unit_op_s3
scb_1_s12,mem_req_s1
scb_1_s13,serdiv_unit_divide_s1
scb_1_s13,serdiv_unit_divide_s2
scb_1_s13,id_stage_s1
scb_1_s13,issue_s1
scb_1_s13,issue_s2
scb_1_s13,issue_s8
scb_1_s13,issue_s16
scb_1_s13,issue_s32
scb_1_s13,lsq_enq_0_s1
scb_1_s13,lsq_enq_1_s1
scb_1_s13,scb_0_s12
scb_1_s13,scb_0_s13
scb_1_s13,scb_0_s14
scb_1_s13,scb_0_s8
scb_1_s13,scb_1_s12
scb_1_s13,scb_1_s14
scb_1_s13,scb_1_s8
scb_1_s13,scb_2_s12
scb_1_s13,scb_2_s13
scb_1_s13,scb_2_s14
scb_1_s13,scb_2_s8
scb_1_s13,scb_3_s12
scb_1_s13,scb_3_s13
scb_1_s13,scb_3_s14
scb_1_s13,scb_3_s8
scb_1_s13,stb_com_0_s1
scb_1_s13,stb_com_1_s1
scb_1_s13,stb_spec_0_s1
scb_1_s13,stb_spec_1_s1
scb_1_s13,load_unit_s1
scb_1_s13,store_unit_s1
scb_1_s13,store_unit_s3
scb_1_s13,csr_buffer_s1
scb_1_s13,mult_s1
scb_1_s13,load_unit_op_s1
scb_1_s13,load_unit_op_s2
scb_1_s13,load_unit_op_s3
scb_1_s13,mem_req_s1
scb_1_s14,serdiv_unit_divide_s1
scb_1_s14,serdiv_unit_divide_s2
scb_1_s14,id_stage_s1
scb_1_s14,issue_s1
scb_1_s14,issue_s2
scb_1_s14,issue_s8
scb_1_s14,issue_s16
scb_1_s14,issue_s32
scb_1_s14,lsq_enq_0_s1
scb_1_s14,lsq_enq_1_s1
scb_1_s14,scb_0_s12
scb_1_s14,scb_0_s13
scb_1_s14,scb_0_s14
scb_1_s14,scb_0_s8
scb_1_s14,scb_1_s12
scb_1_s14,scb_1_s13
scb_1_s14,scb_1_s8
scb_1_s14,scb_2_s12
scb_1_s14,scb_2_s13
scb_1_s14,scb_2_s14
scb_1_s14,scb_2_s8
scb_1_s14,scb_3_s12
scb_1_s14,scb_3_s13
scb_1_s14,scb_3_s14
scb_1_s14,scb_3_s8
scb_1_s14,stb_com_0_s1
scb_1_s14,stb_com_1_s1
scb_1_s14,stb_spec_0_s1
scb_1_s14,stb_spec_1_s1
scb_1_s14,load_unit_s1
scb_1_s14,store_unit_s1
scb_1_s14,store_unit_s3
scb_1_s14,csr_buffer_s1
scb_1_s14,mult_s1
scb_1_s14,load_unit_op_s1
scb_1_s14,load_unit_op_s2
scb_1_s14,load_unit_op_s3
scb_1_s14,mem_req_s1
scb_1_s8,serdiv_unit_divide_s1
scb_1_s8,serdiv_unit_divide_s2
scb_1_s8,id_stage_s1
scb_1_s8,issue_s1
scb_1_s8,issue_s2
scb_1_s8,issue_s8
scb_1_s8,issue_s16
scb_1_s8,issue_s32
scb_1_s8,lsq_enq_0_s1
scb_1_s8,lsq_enq_1_s1
scb_1_s8,scb_0_s12
scb_1_s8,scb_0_s13
scb_1_s8,scb_0_s14
scb_1_s8,scb_0_s8
scb_1_s8,scb_1_s12
scb_1_s8,scb_1_s13
scb_1_s8,scb_1_s14
scb_1_s8,scb_2_s12
scb_1_s8,scb_2_s13
scb_1_s8,scb_2_s14
scb_1_s8,scb_2_s8
scb_1_s8,scb_3_s12
scb_1_s8,scb_3_s13
scb_1_s8,scb_3_s14
scb_1_s8,scb_3_s8
scb_1_s8,stb_com_0_s1
scb_1_s8,stb_com_1_s1
scb_1_s8,stb_spec_0_s1
scb_1_s8,stb_spec_1_s1
scb_1_s8,load_unit_s1
scb_1_s8,store_unit_s1
scb_1_s8,store_unit_s3
scb_1_s8,csr_buffer_s1
scb_1_s8,mult_s1
scb_1_s8,load_unit_op_s1
scb_1_s8,load_unit_op_s2
scb_1_s8,load_unit_op_s3
scb_1_s8,mem_req_s1
scb_2_s12,serdiv_unit_divide_s1
scb_2_s12,serdiv_unit_divide_s2
scb_2_s12,id_stage_s1
scb_2_s12,issue_s1
scb_2_s12,issue_s2
scb_2_s12,issue_s8
scb_2_s12,issue_s16
scb_2_s12,issue_s32
scb_2_s12,lsq_enq_0_s1
scb_2_s12,lsq_enq_1_s1
scb_2_s12,scb_0_s12
scb_2_s12,scb_0_s13
scb_2_s12,scb_0_s14
scb_2_s12,scb_0_s8
scb_2_s12,scb_1_s12
scb_2_s12,scb_1_s13
scb_2_s12,scb_1_s14
scb_2_s12,scb_1_s8
scb_2_s12,scb_2_s13
scb_2_s12,scb_2_s14
scb_2_s12,scb_2_s8
scb_2_s12,scb_3_s12
scb_2_s12,scb_3_s13
scb_2_s12,scb_3_s14
scb_2_s12,scb_3_s8
scb_2_s12,stb_com_0_s1
scb_2_s12,stb_com_1_s1
scb_2_s12,stb_spec_0_s1
scb_2_s12,stb_spec_1_s1
scb_2_s12,load_unit_s1
scb_2_s12,store_unit_s1
scb_2_s12,store_unit_s3
scb_2_s12,csr_buffer_s1
scb_2_s12,mult_s1
scb_2_s12,load_unit_op_s1
scb_2_s12,load_unit_op_s2
scb_2_s12,load_unit_op_s3
scb_2_s12,mem_req_s1
scb_2_s13,serdiv_unit_divide_s1
scb_2_s13,serdiv_unit_divide_s2
scb_2_s13,id_stage_s1
scb_2_s13,issue_s1
scb_2_s13,issue_s2
scb_2_s13,issue_s8
scb_2_s13,issue_s16
scb_2_s13,issue_s32
scb_2_s13,lsq_enq_0_s1
scb_2_s13,lsq_enq_1_s1
scb_2_s13,scb_0_s12
scb_2_s13,scb_0_s13
scb_2_s13,scb_0_s14
scb_2_s13,scb_0_s8
scb_2_s13,scb_1_s12
scb_2_s13,scb_1_s13
scb_2_s13,scb_1_s14
scb_2_s13,scb_1_s8
scb_2_s13,scb_2_s12
scb_2_s13,scb_2_s14
scb_2_s13,scb_2_s8
scb_2_s13,scb_3_s12
scb_2_s13,scb_3_s13
scb_2_s13,scb_3_s14
scb_2_s13,scb_3_s8
scb_2_s13,stb_com_0_s1
scb_2_s13,stb_com_1_s1
scb_2_s13,stb_spec_0_s1
scb_2_s13,stb_spec_1_s1
scb_2_s13,load_unit_s1
scb_2_s13,store_unit_s1
scb_2_s13,store_unit_s3
scb_2_s13,csr_buffer_s1
scb_2_s13,mult_s1
scb_2_s13,load_unit_op_s1
scb_2_s13,load_unit_op_s2
scb_2_s13,load_unit_op_s3
scb_2_s13,mem_req_s1
scb_2_s14,serdiv_unit_divide_s1
scb_2_s14,serdiv_unit_divide_s2
scb_2_s14,id_stage_s1
scb_2_s14,issue_s1
scb_2_s14,issue_s2
scb_2_s14,issue_s8
scb_2_s14,issue_s16
scb_2_s14,issue_s32
scb_2_s14,lsq_enq_0_s1
scb_2_s14,lsq_enq_1_s1
scb_2_s14,scb_0_s12
scb_2_s14,scb_0_s13
scb_2_s14,scb_0_s14
scb_2_s14,scb_0_s8
scb_2_s14,scb_1_s12
scb_2_s14,scb_1_s13
scb_2_s14,scb_1_s14
scb_2_s14,scb_1_s8
scb_2_s14,scb_2_s12
scb_2_s14,scb_2_s13
scb_2_s14,scb_2_s8
scb_2_s14,scb_3_s12
scb_2_s14,scb_3_s13
scb_2_s14,scb_3_s14
scb_2_s14,scb_3_s8
scb_2_s14,stb_com_0_s1
scb_2_s14,stb_com_1_s1
scb_2_s14,stb_spec_0_s1
scb_2_s14,stb_spec_1_s1
scb_2_s14,load_unit_s1
scb_2_s14,store_unit_s1
scb_2_s14,store_unit_s3
scb_2_s14,csr_buffer_s1
scb_2_s14,mult_s1
scb_2_s14,load_unit_op_s1
scb_2_s14,load_unit_op_s2
scb_2_s14,load_unit_op_s3
scb_2_s14,mem_req_s1
scb_2_s8,serdiv_unit_divide_s1
scb_2_s8,serdiv_unit_divide_s2
scb_2_s8,id_stage_s1
scb_2_s8,issue_s1
scb_2_s8,issue_s2
scb_2_s8,issue_s8
scb_2_s8,issue_s16
scb_2_s8,issue_s32
scb_2_s8,lsq_enq_0_s1
scb_2_s8,lsq_enq_1_s1
scb_2_s8,scb_0_s12
scb_2_s8,scb_0_s13
scb_2_s8,scb_0_s14
scb_2_s8,scb_0_s8
scb_2_s8,scb_1_s12
scb_2_s8,scb_1_s13
scb_2_s8,scb_1_s14
scb_2_s8,scb_1_s8
scb_2_s8,scb_2_s12
scb_2_s8,scb_2_s13
scb_2_s8,scb_2_s14
scb_2_s8,scb_3_s12
scb_2_s8,scb_3_s13
scb_2_s8,scb_3_s14
scb_2_s8,scb_3_s8
scb_2_s8,stb_com_0_s1
scb_2_s8,stb_com_1_s1
scb_2_s8,stb_spec_0_s1
scb_2_s8,stb_spec_1_s1
scb_2_s8,load_unit_s1
scb_2_s8,store_unit_s1
scb_2_s8,store_unit_s3
scb_2_s8,csr_buffer_s1
scb_2_s8,mult_s1
scb_2_s8,load_unit_op_s1
scb_2_s8,load_unit_op_s2
scb_2_s8,load_unit_op_s3
scb_2_s8,mem_req_s1
scb_3_s12,serdiv_unit_divide_s1
scb_3_s12,serdiv_unit_divide_s2
scb_3_s12,id_stage_s1
scb_3_s12,issue_s1
scb_3_s12,issue_s2
scb_3_s12,issue_s8
scb_3_s12,issue_s16
scb_3_s12,issue_s32
scb_3_s12,lsq_enq_0_s1
scb_3_s12,lsq_enq_1_s1
scb_3_s12,scb_0_s12
scb_3_s12,scb_0_s13
scb_3_s12,scb_0_s14
scb_3_s12,scb_0_s8
scb_3_s12,scb_1_s12
scb_3_s12,scb_1_s13
scb_3_s12,scb_1_s14
scb_3_s12,scb_1_s8
scb_3_s12,scb_2_s12
scb_3_s12,scb_2_s13
scb_3_s12,scb_2_s14
scb_3_s12,scb_2_s8
scb_3_s12,scb_3_s13
scb_3_s12,scb_3_s14
scb_3_s12,scb_3_s8
scb_3_s12,stb_com_0_s1
scb_3_s12,stb_com_1_s1
scb_3_s12,stb_spec_0_s1
scb_3_s12,stb_spec_1_s1
scb_3_s12,load_unit_s1
scb_3_s12,store_unit_s1
scb_3_s12,store_unit_s3
scb_3_s12,csr_buffer_s1
scb_3_s12,mult_s1
scb_3_s12,load_unit_op_s1
scb_3_s12,load_unit_op_s2
scb_3_s12,load_unit_op_s3
scb_3_s12,mem_req_s1
scb_3_s13,serdiv_unit_divide_s1
scb_3_s13,serdiv_unit_divide_s2
scb_3_s13,id_stage_s1
scb_3_s13,issue_s1
scb_3_s13,issue_s2
scb_3_s13,issue_s8
scb_3_s13,issue_s16
scb_3_s13,issue_s32
scb_3_s13,lsq_enq_0_s1
scb_3_s13,lsq_enq_1_s1
scb_3_s13,scb_0_s12
scb_3_s13,scb_0_s13
scb_3_s13,scb_0_s14
scb_3_s13,scb_0_s8
scb_3_s13,scb_1_s12
scb_3_s13,scb_1_s13
scb_3_s13,scb_1_s14
scb_3_s13,scb_1_s8
scb_3_s13,scb_2_s12
scb_3_s13,scb_2_s13
scb_3_s13,scb_2_s14
scb_3_s13,scb_2_s8
scb_3_s13,scb_3_s12
scb_3_s13,scb_3_s14
scb_3_s13,scb_3_s8
scb_3_s13,stb_com_0_s1
scb_3_s13,stb_com_1_s1
scb_3_s13,stb_spec_0_s1
scb_3_s13,stb_spec_1_s1
scb_3_s13,load_unit_s1
scb_3_s13,store_unit_s1
scb_3_s13,store_unit_s3
scb_3_s13,csr_buffer_s1
scb_3_s13,mult_s1
scb_3_s13,load_unit_op_s1
scb_3_s13,load_unit_op_s2
scb_3_s13,load_unit_op_s3
scb_3_s13,mem_req_s1
scb_3_s14,serdiv_unit_divide_s1
scb_3_s14,serdiv_unit_divide_s2
scb_3_s14,id_stage_s1
scb_3_s14,issue_s1
scb_3_s14,issue_s2
scb_3_s14,issue_s8
scb_3_s14,issue_s16
scb_3_s14,issue_s32
scb_3_s14,lsq_enq_0_s1
scb_3_s14,lsq_enq_1_s1
scb_3_s14,scb_0_s12
scb_3_s14,scb_0_s13
scb_3_s14,scb_0_s14
scb_3_s14,scb_0_s8
scb_3_s14,scb_1_s12
scb_3_s14,scb_1_s13
scb_3_s14,scb_1_s14
scb_3_s14,scb_1_s8
scb_3_s14,scb_2_s12
scb_3_s14,scb_2_s13
scb_3_s14,scb_2_s14
scb_3_s14,scb_2_s8
scb_3_s14,scb_3_s12
scb_3_s14,scb_3_s13
scb_3_s14,scb_3_s8
scb_3_s14,stb_com_0_s1
scb_3_s14,stb_com_1_s1
scb_3_s14,stb_spec_0_s1
scb_3_s14,stb_spec_1_s1
scb_3_s14,load_unit_s1
scb_3_s14,store_unit_s1
scb_3_s14,store_unit_s3
scb_3_s14,csr_buffer_s1
scb_3_s14,mult_s1
scb_3_s14,load_unit_op_s1
scb_3_s14,load_unit_op_s2
scb_3_s14,load_unit_op_s3
scb_3_s14,mem_req_s1
scb_3_s8,serdiv_unit_divide_s1
scb_3_s8,serdiv_unit_divide_s2
scb_3_s8,id_stage_s1
scb_3_s8,issue_s1
scb_3_s8,issue_s2
scb_3_s8,issue_s8
scb_3_s8,issue_s16
scb_3_s8,issue_s32
scb_3_s8,lsq_enq_0_s1
scb_3_s8,lsq_enq_1_s1
scb_3_s8,scb_0_s12
scb_3_s8,scb_0_s13
scb_3_s8,scb_0_s14
scb_3_s8,scb_0_s8
scb_3_s8,scb_1_s12
scb_3_s8,scb_1_s13
scb_3_s8,scb_1_s14
scb_3_s8,scb_1_s8
scb_3_s8,scb_2_s12
scb_3_s8,scb_2_s13
scb_3_s8,scb_2_s14
scb_3_s8,scb_2_s8
scb_3_s8,scb_3_s12
scb_3_s8,scb_3_s13
scb_3_s8,scb_3_s14
scb_3_s8,stb_com_0_s1
scb_3_s8,stb_com_1_s1
scb_3_s8,stb_spec_0_s1
scb_3_s8,stb_spec_1_s1
scb_3_s8,load_unit_s1
scb_3_s8,store_unit_s1
scb_3_s8,store_unit_s3
scb_3_s8,csr_buffer_s1
scb_3_s8,mult_s1
scb_3_s8,load_unit_op_s1
scb_3_s8,load_unit_op_s2
scb_3_s8,load_unit_op_s3
scb_3_s8,mem_req_s1
stb_com_0_s1,lsq_enq_0_s1
stb_com_0_s1,lsq_enq_1_s1
stb_com_0_s1,scb_0_s12
stb_com_0_s1,scb_0_s13
stb_com_0_s1,scb_0_s14
stb_com_0_s1,scb_0_s8
stb_com_0_s1,scb_1_s12
stb_com_0_s1,scb_1_s13
stb_com_0_s1,scb_1_s14
stb_com_0_s1,scb_1_s8
stb_com_0_s1,scb_2_s12
stb_com_0_s1,scb_2_s13
stb_com_0_s1,scb_2_s14
stb_com_0_s1,scb_2_s8
stb_com_0_s1,scb_3_s12
stb_com_0_s1,scb_3_s13
stb_com_0_s1,scb_3_s14
stb_com_0_s1,scb_3_s8
stb_com_0_s1,stb_com_1_s1
stb_com_0_s1,load_unit_s1
stb_com_0_s1,load_unit_op_s1
stb_com_0_s1,load_unit_op_s2
stb_com_0_s1,load_unit_op_s3
stb_com_1_s1,lsq_enq_0_s1
stb_com_1_s1,lsq_enq_1_s1
stb_com_1_s1,scb_0_s12
stb_com_1_s1,scb_0_s13
stb_com_1_s1,scb_0_s14
stb_com_1_s1,scb_0_s8
stb_com_1_s1,scb_1_s12
stb_com_1_s1,scb_1_s13
stb_com_1_s1,scb_1_s14
stb_com_1_s1,scb_1_s8
stb_com_1_s1,scb_2_s12
stb_com_1_s1,scb_2_s13
stb_com_1_s1,scb_2_s14
stb_com_1_s1,scb_2_s8
stb_com_1_s1,scb_3_s12
stb_com_1_s1,scb_3_s13
stb_com_1_s1,scb_3_s14
stb_com_1_s1,scb_3_s8
stb_com_1_s1,stb_com_0_s1
stb_com_1_s1,load_unit_s1
stb_com_1_s1,load_unit_op_s1
stb_com_1_s1,load_unit_op_s2
stb_com_1_s1,load_unit_op_s3
stb_spec_0_s1,lsq_enq_0_s1
stb_spec_0_s1,lsq_enq_1_s1
stb_spec_0_s1,scb_0_s12
stb_spec_0_s1,scb_0_s13
stb_spec_0_s1,scb_0_s14
stb_spec_0_s1,scb_0_s8
stb_spec_0_s1,scb_1_s12
stb_spec_0_s1,scb_1_s13
stb_spec_0_s1,scb_1_s14
stb_spec_0_s1,scb_1_s8
stb_spec_0_s1,scb_2_s12
stb_spec_0_s1,scb_2_s13
stb_spec_0_s1,scb_2_s14
stb_spec_0_s1,scb_2_s8
stb_spec_0_s1,scb_3_s12
stb_spec_0_s1,scb_3_s13
stb_spec_0_s1,scb_3_s14
stb_spec_0_s1,scb_3_s8
stb_spec_0_s1,stb_com_0_s1
stb_spec_0_s1,stb_com_1_s1
stb_spec_0_s1,load_unit_s1
stb_spec_0_s1,load_unit_op_s1
stb_spec_0_s1,load_unit_op_s2
stb_spec_0_s1,load_unit_op_s3
stb_spec_0_s1,mem_req_s1
stb_spec_1_s1,lsq_enq_0_s1
stb_spec_1_s1,lsq_enq_1_s1
stb_spec_1_s1,scb_0_s12
stb_spec_1_s1,scb_0_s13
stb_spec_1_s1,scb_0_s14
stb_spec_1_s1,scb_0_s8
stb_spec_1_s1,scb_1_s12
stb_spec_1_s1,scb_1_s13
stb_spec_1_s1,scb_1_s14
stb_spec_1_s1,scb_1_s8
stb_spec_1_s1,scb_2_s12
stb_spec_1_s1,scb_2_s13
stb_spec_1_s1,scb_2_s14
stb_spec_1_s1,scb_2_s8
stb_spec_1_s1,scb_3_s12
stb_spec_1_s1,scb_3_s13
stb_spec_1_s1,scb_3_s14
stb_spec_1_s1,scb_3_s8
stb_spec_1_s1,stb_com_0_s1
stb_spec_1_s1,stb_com_1_s1
stb_spec_1_s1,load_unit_s1
stb_spec_1_s1,load_unit_op_s1
stb_spec_1_s1,load_unit_op_s2
stb_spec_1_s1,load_unit_op_s3
stb_spec_1_s1,mem_req_s1
load_unit_s1,scb_0_s12
load_unit_s1,scb_0_s13
load_unit_s1,scb_0_s14
load_unit_s1,scb_0_s8
load_unit_s1,scb_1_s12
load_unit_s1,scb_1_s13
load_unit_s1,scb_1_s14
load_unit_s1,scb_1_s8
load_unit_s1,scb_2_s12
load_unit_s1,scb_2_s13
load_unit_s1,scb_2_s14
load_unit_s1,scb_2_s8
load_unit_s1,scb_3_s12
load_unit_s1,scb_3_s13
load_unit_s1,scb_3_s14
load_unit_s1,scb_3_s8
load_unit_s1,load_unit_buff_s1
store_unit_s1,id_stage_s1
store_unit_s1,issue_s1
store_unit_s1,issue_s2
store_unit_s1,issue_s8
store_unit_s1,issue_s16
store_unit_s1,issue_s32
store_unit_s1,lsq_enq_0_s1
store_unit_s1,lsq_enq_1_s1
store_unit_s1,scb_0_s12
store_unit_s1,scb_0_s13
store_unit_s1,scb_0_s14
store_unit_s1,scb_0_s8
store_unit_s1,scb_1_s12
store_unit_s1,scb_1_s13
store_unit_s1,scb_1_s14
store_unit_s1,scb_1_s8
store_unit_s1,scb_2_s12
store_unit_s1,scb_2_s13
store_unit_s1,scb_2_s14
store_unit_s1,scb_2_s8
store_unit_s1,scb_3_s12
store_unit_s1,scb_3_s13
store_unit_s1,scb_3_s14
store_unit_s1,scb_3_s8
store_unit_s1,stb_com_0_s1
store_unit_s1,stb_com_1_s1
store_unit_s1,stb_spec_0_s1
store_unit_s1,stb_spec_1_s1
store_unit_s1,load_unit_s1
store_unit_s1,load_unit_op_s1
store_unit_s1,load_unit_op_s2
store_unit_s1,load_unit_op_s3
store_unit_s3,id_stage_s1
store_unit_s3,issue_s1
store_unit_s3,issue_s2
store_unit_s3,issue_s8
store_unit_s3,issue_s16
store_unit_s3,issue_s32
store_unit_s3,lsq_enq_0_s1
store_unit_s3,lsq_enq_1_s1
store_unit_s3,scb_0_s12
store_unit_s3,scb_0_s13
store_unit_s3,scb_0_s14
store_unit_s3,scb_0_s8
store_unit_s3,scb_1_s12
store_unit_s3,scb_1_s13
store_unit_s3,scb_1_s14
store_unit_s3,scb_1_s8
store_unit_s3,scb_2_s12
store_unit_s3,scb_2_s13
store_unit_s3,scb_2_s14
store_unit_s3,scb_2_s8
store_unit_s3,scb_3_s12
store_unit_s3,scb_3_s13
store_unit_s3,scb_3_s14
store_unit_s3,scb_3_s8
store_unit_s3,stb_com_0_s1
store_unit_s3,stb_com_1_s1
store_unit_s3,stb_spec_0_s1
store_unit_s3,stb_spec_1_s1
store_unit_s3,load_unit_s1
store_unit_s3,load_unit_op_s1
store_unit_s3,load_unit_op_s2
store_unit_s3,load_unit_op_s3
load_unit_buff_s1,id_stage_s1
load_unit_buff_s1,issue_s1
load_unit_buff_s1,issue_s2
load_unit_buff_s1,issue_s8
load_unit_buff_s1,issue_s16
load_unit_buff_s1,issue_s32
load_unit_buff_s1,scb_0_s12
load_unit_buff_s1,scb_0_s13
load_unit_buff_s1,scb_0_s14
load_unit_buff_s1,scb_0_s8
load_unit_buff_s1,scb_1_s12
load_unit_buff_s1,scb_1_s13
load_unit_buff_s1,scb_1_s14
load_unit_buff_s1,scb_1_s8
load_unit_buff_s1,scb_2_s12
load_unit_buff_s1,scb_2_s13
load_unit_buff_s1,scb_2_s14
load_unit_buff_s1,scb_2_s8
load_unit_buff_s1,scb_3_s12
load_unit_buff_s1,scb_3_s13
load_unit_buff_s1,scb_3_s14
load_unit_buff_s1,scb_3_s8
load_unit_buff_s1,load_unit_s1
load_unit_buff_s1,load_unit_op_s1
load_unit_buff_s1,load_unit_op_s2
load_unit_buff_s1,load_unit_op_s3
load_unit_buff_s1,mem_req_s1
csr_buffer_s1,id_stage_s1
csr_buffer_s1,issue_s1
csr_buffer_s1,issue_s2
csr_buffer_s1,issue_s8
csr_buffer_s1,issue_s16
csr_buffer_s1,issue_s32
csr_buffer_s1,scb_0_s12
csr_buffer_s1,scb_0_s13
csr_buffer_s1,scb_0_s14
csr_buffer_s1,scb_0_s8
csr_buffer_s1,scb_1_s12
csr_buffer_s1,scb_1_s13
csr_buffer_s1,scb_1_s14
csr_buffer_s1,scb_1_s8
csr_buffer_s1,scb_2_s12
csr_buffer_s1,scb_2_s13
csr_buffer_s1,scb_2_s14
csr_buffer_s1,scb_2_s8
csr_buffer_s1,scb_3_s12
csr_buffer_s1,scb_3_s13
csr_buffer_s1,scb_3_s14
csr_buffer_s1,scb_3_s8
csr_buffer_s1,load_unit_s1
csr_buffer_s1,load_unit_op_s1
csr_buffer_s1,load_unit_op_s2
csr_buffer_s1,load_unit_op_s3
csr_buffer_s1,mem_req_s1
mult_s1,serdiv_unit_divide_s1
mult_s1,serdiv_unit_divide_s2
mult_s1,id_stage_s1
mult_s1,issue_s1
mult_s1,issue_s2
mult_s1,issue_s8
mult_s1,issue_s16
mult_s1,issue_s32
mult_s1,scb_0_s12
mult_s1,scb_0_s13
mult_s1,scb_0_s14
mult_s1,scb_0_s8
mult_s1,scb_1_s12
mult_s1,scb_1_s13
mult_s1,scb_1_s14
mult_s1,scb_1_s8
mult_s1,scb_2_s12
mult_s1,scb_2_s13
mult_s1,scb_2_s14
mult_s1,scb_2_s8
mult_s1,scb_3_s12
mult_s1,scb_3_s13
mult_s1,scb_3_s14
mult_s1,scb_3_s8
mult_s1,load_unit_s1
mult_s1,load_unit_op_s1
mult_s1,load_unit_op_s2
mult_s1,load_unit_op_s3
mult_s1,mem_req_s1
load_unit_op_s1,lsq_enq_0_s1
load_unit_op_s1,lsq_enq_1_s1
load_unit_op_s1,scb_0_s12
load_unit_op_s1,scb_0_s13
load_unit_op_s1,scb_0_s14
load_unit_op_s1,scb_0_s8
load_unit_op_s1,scb_1_s12
load_unit_op_s1,scb_1_s13
load_unit_op_s1,scb_1_s14
load_unit_op_s1,scb_1_s8
load_unit_op_s1,scb_2_s12
load_unit_op_s1,scb_2_s13
load_unit_op_s1,scb_2_s14
load_unit_op_s1,scb_2_s8
load_unit_op_s1,scb_3_s12
load_unit_op_s1,scb_3_s13
load_unit_op_s1,scb_3_s14
load_unit_op_s1,scb_3_s8
load_unit_op_s1,stb_com_0_s1
load_unit_op_s1,stb_com_1_s1
load_unit_op_s1,load_unit_s1
load_unit_op_s1,load_unit_buff_s1
load_unit_op_s1,load_unit_op_s2
load_unit_op_s1,load_unit_op_s3
load_unit_op_s2,lsq_enq_0_s1
load_unit_op_s2,lsq_enq_1_s1
load_unit_op_s2,scb_0_s12
load_unit_op_s2,scb_0_s13
load_unit_op_s2,scb_0_s14
load_unit_op_s2,scb_0_s8
load_unit_op_s2,scb_1_s12
load_unit_op_s2,scb_1_s13
load_unit_op_s2,scb_1_s14
load_unit_op_s2,scb_1_s8
load_unit_op_s2,scb_2_s12
load_unit_op_s2,scb_2_s13
load_unit_op_s2,scb_2_s14
load_unit_op_s2,scb_2_s8
load_unit_op_s2,scb_3_s12
load_unit_op_s2,scb_3_s13
load_unit_op_s2,scb_3_s14
load_unit_op_s2,scb_3_s8
load_unit_op_s2,stb_com_0_s1
load_unit_op_s2,stb_com_1_s1
load_unit_op_s2,load_unit_s1
load_unit_op_s2,load_unit_buff_s1
load_unit_op_s2,load_unit_op_s1
load_unit_op_s2,load_unit_op_s3
load_unit_op_s3,lsq_enq_0_s1
load_unit_op_s3,lsq_enq_1_s1
load_unit_op_s3,scb_0_s12
load_unit_op_s3,scb_0_s13
load_unit_op_s3,scb_0_s14
load_unit_op_s3,scb_0_s8
load_unit_op_s3,scb_1_s12
load_unit_op_s3,scb_1_s13
load_unit_op_s3,scb_1_s14
load_unit_op_s3,scb_1_s8
load_unit_op_s3,scb_2_s12
load_unit_op_s3,scb_2_s13
load_unit_op_s3,scb_2_s14
load_unit_op_s3,scb_2_s8
load_unit_op_s3,scb_3_s12
load_unit_op_s3,scb_3_s13
load_unit_op_s3,scb_3_s14
load_unit_op_s3,scb_3_s8
load_unit_op_s3,stb_com_0_s1
load_unit_op_s3,stb_com_1_s1
load_unit_op_s3,load_unit_s1
load_unit_op_s3,load_unit_buff_s1
load_unit_op_s3,load_unit_op_s1
load_unit_op_s3,load_unit_op_s2
lsq_enq_0_s1,mem_req_s1
lsq_enq_1_s1,mem_req_s1
stb_com_0_s1,mem_req_s1
stb_com_1_s1,mem_req_s1
load_unit_s1,mem_req_s1
store_unit_s1,mem_req_s1
store_unit_s3,mem_req_s1
load_unit_op_s1,mem_req_s1
load_unit_op_s2,mem_req_s1
load_unit_op_s3,mem_req_s1
store_unit_s1,store_unit_s3
store_unit_s3,store_unit_s1
csr_buffer_s1,load_unit_buff_s1
load_unit_s1,load_unit_op_s1
load_unit_s1,load_unit_op_s2
load_unit_s1,load_unit_op_s3
mult_s1,load_unit_buff_s1
serdiv_unit_divide_s1,load_unit_buff_s1
serdiv_unit_divide_s2,load_unit_buff_s1
stb_com_0_s1,load_unit_buff_s1
stb_com_1_s1,load_unit_buff_s1
stb_spec_0_s1,load_unit_buff_s1
stb_spec_1_s1,load_unit_buff_s1
store_unit_s1,load_unit_buff_s1
store_unit_s3,load_unit_buff_s1
